// Jest Snapshot v1, https://goo.gl/fbAQLP

exports[`Banner component Should render correctly 1`] = `ReactWrapper {}`;
